
Running 1 test using 1 worker

[1A[2K[1/1] [chromium] › tests/admin-dashboard.spec.ts:15:9 › Admin Dashboard Features › Test all admin dashboard features
[1A[2K[chromium] › tests/admin-dashboard.spec.ts:15:9 › Admin Dashboard Features › Test all admin dashboard features
--- Step 1: Login & Initial Cleanup ---

[1A[2K[BROWSER] info: %cDownload the React DevTools for a better development experience: https://react.dev/link/react-devtools font-weight:bold

[1A[2K[BROWSER] log: [HMR] connected

[1A[2K[BROWSER] log: %c[Vercel Web Analytics]%c Debug mode is enabled by default in development. No requests will be sent to the server. color: rgb(120, 120, 120) color: inherit

[1A[2K[BROWSER] log: %c[Vercel Web Analytics]%c Running queued event color: rgb(120, 120, 120) color: inherit pageview {route: /login, path: /login}

[1A[2K[BROWSER] log: %c[Vercel Web Analytics]%c [pageview] http://localhost:3000/login?redirect=/admin color: rgb(120, 120, 120) color: inherit {o: http://localhost:3000/login?redirect=/admin, sv: 0.1.3, sdkn: @vercel/analytics/next, sdkv: 1.3.1, ts: 1770440140145}

[1A[2K[BROWSER] warning: WebSocket connection to 'ws://localhost:3001/socket.io/?EIO=4&transport=websocket' failed: WebSocket is closed before the connection is established.

[1A[2K[BROWSER] log: %c[Vercel Web Analytics]%c [pageview] http://localhost:3000/admin color: rgb(120, 120, 120) color: inherit {o: http://localhost:3000/admin, sv: 0.1.3, sdkn: @vercel/analytics/next, sdkv: 1.3.1, ts: 1770440141273}

[1A[2K✅ Logged in and cleaned up test data.

[1A[2K
--- Step 2: User Management Test ---

[1A[2KNavigating to Admin Users...

[1A[2K[BROWSER] log: Connected to notification gateway

[1A[2K[BROWSER] log: %c[Vercel Web Analytics]%c [pageview] http://localhost:3000/admin/users color: rgb(120, 120, 120) color: inherit {o: http://localhost:3000/admin/users, sv: 0.1.3, sdkn: @vercel/analytics/next, sdkv: 1.3.1, ts: 1770440141605}

[1A[2KReached User Management.

[1A[2KAdding user: test_admin_user_1770440139048@test.com

[1A[2K[BROWSER] warning: Warning: Missing `Description` or `aria-describedby={undefined}` for {DialogContent}.

[1A[2K[BROWSER] warning: Warning: Missing `Description` or `aria-describedby={undefined}` for {DialogContent}.

[1A[2KSelecting role: FREELANCER

[1A[2KRole is FREELANCER (default or current), skipping selection.

[1A[2KSubmitting user form...

[1A[2KSubmit button clicked.

[1A[2KUser creation dialog closed.

[1A[2K✅ Added new user.

[1A[2K✅ Search functionality verified.

[1A[2KSearching for user to delete: test_admin_user_1770440139048@test.com

[1A[2KOpening action menu...

[1A[2KIntercepting confirm dialog...

[1A[2KClicking Terminate Identity...

[1A[2KAccepted dialog: CRITICAL: Permanent deletion of user identity. Proceed?

[1A[2KWaiting for row with test_admin_user_1770440139048@test.com to disappear...

[1A[2KRow disappeared.

[1A[2KUser deleted successfully.

[1A[2K✅ User deletion verified.

[1A[2K
--- Step 3: Preparing Job & Application data ---

[1A[2K✅ Job created by employer.

[1A[2K[BROWSER] log: [Fast Refresh] rebuilding

[1A[2K[BROWSER] log: [Fast Refresh] done in 234ms

[1A[2K✅ Application submitted.

[1A[2K
--- Step 4: Job Moderation Test ---

[1A[2KNavigating to Admin Jobs...

[1A[2K[BROWSER] log: [Fast Refresh] rebuilding

[1A[2K[BROWSER] log: [Fast Refresh] done in 130ms

[1A[2K[BROWSER] log: %c[Vercel Web Analytics]%c [pageview] http://localhost:3000/admin/jobs color: rgb(120, 120, 120) color: inherit {o: http://localhost:3000/admin/jobs, sv: 0.1.3, sdkn: @vercel/analytics/next, sdkv: 1.3.1, ts: 1770440152624}

[1A[2KReached Job Management.

[1A[2KUpdating job status to Approve for: Admin Test Job 1770440139048

[1A[2KMenu item visible: Approve Mission, clicking...

[1A[2KWarning: Toast confirmation missed or delayed.

[1A[2K✅ Job approved via admin panel.

[1A[2K
--- Step 5: Application Moderation Test ---

[1A[2KNavigating to Admin Applications...

[1A[2K[BROWSER] log: %c[Vercel Web Analytics]%c [pageview] http://localhost:3000/admin/applications color: rgb(120, 120, 120) color: inherit {o: http://localhost:3000/admin/applications, sv: 0.1.3, sdkn: @vercel/analytics/next, sdkv: 1.3.1, ts: 1770440157889}

[1A[2KReached Application Protocol.

[1A[2KUpdating application status to Accept for: Freelancer AdminTest

[1A[2KMenu item visible: Accept, clicking...

[1A[2KWarning: Toast confirmation missed or delayed.

[1A[2K✅ Application accepted via admin panel.

[1A[2K
--- Step 6: Final Cleanup ---

[1A[2K✅ Final cleanup complete.

[1A[2K  1 passed (24.6s)

To open last HTML report run:
[36m[39m
[36m  npx playwright show-report[39m
[36m[39m
